// Jest Snapshot v1, https://goo.gl/fbAQLP

exports[`snapshots 1`] = `
<div
  class="card-component"
>
  <div
    class="header"
  >
    <div
      class="text"
    />
     
  </div>
   
  <div
    class="content"
  />
</div>
`;
