// Jest Snapshot v1, https://goo.gl/fbAQLP

exports[`snapshots 1`] = `
<button
  class="default-btn-container btn-decorator"
  type="button"
>
  Отправить
</button>
`;
